[debug] [2026-06-08T23:04:10.045Z] ----------------------------------------------------------------------
[debug] [2026-06-08T23:04:10.048Z] Command:       C:\Program Files\nodejs\node.exe C:\Users\ASUS TUF\AppData\Roaming\npm\node_modules\firebase-tools\lib\bin\firebase.js login --reauth
[debug] [2026-06-08T23:04:10.048Z] CLI Version:   15.17.0
[debug] [2026-06-08T23:04:10.048Z] Platform:      win32
[debug] [2026-06-08T23:04:10.048Z] Node Version:  v22.18.0
[debug] [2026-06-08T23:04:10.049Z] Time:          Tue Jun 09 2026 07:04:10 GMT+0800 (Philippine Standard Time)
[debug] [2026-06-08T23:04:10.049Z] ----------------------------------------------------------------------
[debug] 
[info] 
[info] Visit this URL on this device to log in:
[info] https://accounts.google.com/o/oauth2/auth?client_id=563584335869-fgrhgmd47bqnekij5i8b5pr03ho849e6.apps.googleusercontent.com&scope=email%20openid%20https%3A%2F%2Fwww.googleapis.com%2Fauth%2Fcloudplatformprojects.readonly%20https%3A%2F%2Fwww.googleapis.com%2Fauth%2Ffirebase%20https%3A%2F%2Fwww.googleapis.com%2Fauth%2Fcloud-platform&response_type=code&state=1033852674&redirect_uri=http%3A%2F%2Flocalhost%3A9005&login_hint=joshua%40airstaffs.com
[info] 
[info] Waiting for authentication...
[debug] [2026-06-08T23:04:21.070Z] ----------------------------------------------------------------------
[debug] [2026-06-08T23:04:21.073Z] Command:       C:\Program Files\nodejs\node.exe C:\Users\ASUS TUF\AppData\Roaming\npm\node_modules\firebase-tools\lib\bin\firebase.js deploy --only functions:onIncomingCall
[debug] [2026-06-08T23:04:21.073Z] CLI Version:   15.17.0
[debug] [2026-06-08T23:04:21.073Z] Platform:      win32
[debug] [2026-06-08T23:04:21.073Z] Node Version:  v22.18.0
[debug] [2026-06-08T23:04:21.074Z] Time:          Tue Jun 09 2026 07:04:21 GMT+0800 (Philippine Standard Time)
[debug] [2026-06-08T23:04:21.074Z] ----------------------------------------------------------------------
[debug] 
[debug] [2026-06-08T23:04:22.944Z] > command requires scopes: ["email","openid","https://www.googleapis.com/auth/cloudplatformprojects.readonly","https://www.googleapis.com/auth/firebase","https://www.googleapis.com/auth/cloud-platform"]
[debug] [2026-06-08T23:04:22.945Z] > authorizing via signed-in user (joshua@airstaffs.com)
[debug] [2026-06-08T23:04:22.945Z] [iam] checking project simpleproject-8ff7a for permissions ["cloudfunctions.functions.create","cloudfunctions.functions.delete","cloudfunctions.functions.get","cloudfunctions.functions.list","cloudfunctions.functions.update","cloudfunctions.operations.get","firebase.projects.get"]
[debug] [2026-06-08T23:04:22.946Z] Checked if tokens are valid: true, expires at: 1780963436854
[debug] [2026-06-08T23:04:22.946Z] Checked if tokens are valid: true, expires at: 1780963436854
[debug] [2026-06-08T23:04:22.947Z] >>> [apiv2][query] POST https://cloudresourcemanager.googleapis.com/v1/projects/simpleproject-8ff7a:testIamPermissions [none]
[debug] [2026-06-08T23:04:22.947Z] >>> [apiv2][(partial)header] POST https://cloudresourcemanager.googleapis.com/v1/projects/simpleproject-8ff7a:testIamPermissions  x-goog-user-project=simpleproject-8ff7a
[debug] [2026-06-08T23:04:22.947Z] >>> [apiv2][body] POST https://cloudresourcemanager.googleapis.com/v1/projects/simpleproject-8ff7a:testIamPermissions {"permissions":["cloudfunctions.functions.create","cloudfunctions.functions.delete","cloudfunctions.functions.get","cloudfunctions.functions.list","cloudfunctions.functions.update","cloudfunctions.operations.get","firebase.projects.get"]}
[debug] [2026-06-08T23:04:24.180Z] <<< [apiv2][status] POST https://cloudresourcemanager.googleapis.com/v1/projects/simpleproject-8ff7a:testIamPermissions 200
[debug] [2026-06-08T23:04:24.181Z] <<< [apiv2][body] POST https://cloudresourcemanager.googleapis.com/v1/projects/simpleproject-8ff7a:testIamPermissions {"permissions":["cloudfunctions.functions.create","cloudfunctions.functions.delete","cloudfunctions.functions.get","cloudfunctions.functions.list","cloudfunctions.functions.update","cloudfunctions.operations.get","firebase.projects.get"]}
[debug] [2026-06-08T23:04:24.181Z] Checked if tokens are valid: true, expires at: 1780963436854
[debug] [2026-06-08T23:04:24.181Z] Checked if tokens are valid: true, expires at: 1780963436854
[debug] [2026-06-08T23:04:24.181Z] >>> [apiv2][query] POST https://iam.googleapis.com/v1/projects/simpleproject-8ff7a/serviceAccounts/simpleproject-8ff7a@appspot.gserviceaccount.com:testIamPermissions [none]
[debug] [2026-06-08T23:04:24.181Z] >>> [apiv2][body] POST https://iam.googleapis.com/v1/projects/simpleproject-8ff7a/serviceAccounts/simpleproject-8ff7a@appspot.gserviceaccount.com:testIamPermissions {"permissions":["iam.serviceAccounts.actAs"]}
[debug] [2026-06-08T23:04:25.523Z] <<< [apiv2][status] POST https://iam.googleapis.com/v1/projects/simpleproject-8ff7a/serviceAccounts/simpleproject-8ff7a@appspot.gserviceaccount.com:testIamPermissions 200
[debug] [2026-06-08T23:04:25.523Z] <<< [apiv2][body] POST https://iam.googleapis.com/v1/projects/simpleproject-8ff7a/serviceAccounts/simpleproject-8ff7a@appspot.gserviceaccount.com:testIamPermissions {"permissions":["iam.serviceAccounts.actAs"]}
[info] 
[info] === Deploying to 'simpleproject-8ff7a'...
[info] 
[info] i  deploying functions 
[debug] [2026-06-08T23:04:25.526Z] Checked if tokens are valid: true, expires at: 1780963436854
[debug] [2026-06-08T23:04:25.526Z] Checked if tokens are valid: true, expires at: 1780963436854
[debug] [2026-06-08T23:04:25.527Z] >>> [apiv2][query] GET https://cloudresourcemanager.googleapis.com/v1/projects/simpleproject-8ff7a [none]
[debug] [2026-06-08T23:04:25.815Z] <<< [apiv2][status] GET https://cloudresourcemanager.googleapis.com/v1/projects/simpleproject-8ff7a 200
[debug] [2026-06-08T23:04:25.815Z] <<< [apiv2][body] GET https://cloudresourcemanager.googleapis.com/v1/projects/simpleproject-8ff7a {"projectNumber":"770115931871","projectId":"simpleproject-8ff7a","lifecycleState":"ACTIVE","name":"simpleproject-8ff7a","labels":{"firebase":"enabled","firebase-core":"disabled"},"createTime":"2026-03-07T22:20:35.158897Z"}
[info] i  functions: preparing codebase default for deployment 
[info] i  functions: ensuring required API cloudfunctions.googleapis.com is enabled... 
[info] i  functions: ensuring required API cloudbuild.googleapis.com is enabled... 
[info] i  artifactregistry: ensuring required API artifactregistry.googleapis.com is enabled... 
[debug] [2026-06-08T23:04:25.818Z] Checked if tokens are valid: true, expires at: 1780963436854
[debug] [2026-06-08T23:04:25.818Z] Checked if tokens are valid: true, expires at: 1780963436854
[debug] [2026-06-08T23:04:25.818Z] >>> [apiv2][query] GET https://firebase.googleapis.com/v1beta1/projects/simpleproject-8ff7a/adminSdkConfig [none]
[debug] [2026-06-08T23:04:26.861Z] <<< [apiv2][status] GET https://firebase.googleapis.com/v1beta1/projects/simpleproject-8ff7a/adminSdkConfig 200
[debug] [2026-06-08T23:04:26.861Z] <<< [apiv2][body] GET https://firebase.googleapis.com/v1beta1/projects/simpleproject-8ff7a/adminSdkConfig {"projectId":"simpleproject-8ff7a","storageBucket":"simpleproject-8ff7a.firebasestorage.app"}
[debug] [2026-06-08T23:04:26.863Z] Validating nodejs source
[debug] [2026-06-08T23:04:28.060Z] > [functions] package.json contents: {
  "name": "functions",
  "description": "Cloud Functions for Firebase",
  "scripts": {
    "serve": "firebase emulators:start --only functions",
    "shell": "firebase functions:shell",
    "start": "npm run shell",
    "deploy": "firebase deploy --only functions",
    "logs": "firebase functions:log"
  },
  "engines": {
    "node": "24"
  },
  "main": "index.js",
  "dependencies": {
    "firebase-admin": "^13.6.0",
    "firebase-functions": "^7.0.0"
  },
  "devDependencies": {
    "firebase-functions-test": "^3.4.1"
  },
  "private": true
}
[debug] [2026-06-08T23:04:28.060Z] Building nodejs source
[info] i  functions: Loading and analyzing source code for codebase default to determine what to deploy 
[debug] [2026-06-08T23:04:28.061Z] Could not find functions.yaml. Must use http discovery
[debug] [2026-06-08T23:04:28.068Z] Found firebase-functions binary at 'C:\Users\ASUS TUF\giggre-admin\functions\node_modules\.bin\firebase-functions'
[info] Serving at port 8863

[debug] [2026-06-08T23:04:28.890Z] Got response from /__/functions.yaml {"endpoints":{"onVerificationChange":{"availableMemoryMb":null,"timeoutSeconds":null,"minInstances":null,"maxInstances":null,"ingressSettings":null,"concurrency":null,"serviceAccountEmail":null,"vpc":null,"platform":"gcfv2","labels":{},"eventTrigger":{"eventType":"google.cloud.firestore.document.v1.updated","eventFilters":{"database":"(default)","namespace":"(default)"},"eventFilterPathPatterns":{"document":"users/{userId}"},"retry":false},"entryPoint":"onVerificationChange"},"onIncomingCall":{"availableMemoryMb":null,"timeoutSeconds":null,"minInstances":null,"maxInstances":null,"ingressSettings":null,"concurrency":null,"serviceAccountEmail":null,"vpc":null,"platform":"gcfv2","region":["asia-east2"],"labels":{},"eventTrigger":{"eventType":"google.cloud.firestore.document.v1.written","eventFilters":{"database":"(default)","namespace":"(default)"},"eventFilterPathPatterns":{"document":"users/{userId}"},"retry":false},"entryPoint":"onIncomingCall"}},"specVersion":"v1alpha1","requiredAPIs":[],"extensions":{}}
[info] i  extensions: ensuring required API firebaseextensions.googleapis.com is enabled... 
[debug] [2026-06-08T23:04:32.928Z] > command requires scopes: ["email","openid","https://www.googleapis.com/auth/cloudplatformprojects.readonly","https://www.googleapis.com/auth/firebase","https://www.googleapis.com/auth/cloud-platform"]
[debug] [2026-06-08T23:04:32.928Z] > authorizing via signed-in user (joshua@airstaffs.com)
[debug] [2026-06-08T23:04:32.928Z] [iam] checking project simpleproject-8ff7a for permissions ["firebase.projects.get","firebaseextensions.instances.list"]
[debug] [2026-06-08T23:04:32.929Z] Checked if tokens are valid: true, expires at: 1780963436854
[debug] [2026-06-08T23:04:32.929Z] Checked if tokens are valid: true, expires at: 1780963436854
[debug] [2026-06-08T23:04:32.929Z] >>> [apiv2][query] POST https://cloudresourcemanager.googleapis.com/v1/projects/simpleproject-8ff7a:testIamPermissions [none]
[debug] [2026-06-08T23:04:32.929Z] >>> [apiv2][(partial)header] POST https://cloudresourcemanager.googleapis.com/v1/projects/simpleproject-8ff7a:testIamPermissions  x-goog-user-project=simpleproject-8ff7a
[debug] [2026-06-08T23:04:32.929Z] >>> [apiv2][body] POST https://cloudresourcemanager.googleapis.com/v1/projects/simpleproject-8ff7a:testIamPermissions {"permissions":["firebase.projects.get","firebaseextensions.instances.list"]}
[debug] [2026-06-08T23:04:33.937Z] <<< [apiv2][status] POST https://cloudresourcemanager.googleapis.com/v1/projects/simpleproject-8ff7a:testIamPermissions 200
[debug] [2026-06-08T23:04:33.937Z] <<< [apiv2][body] POST https://cloudresourcemanager.googleapis.com/v1/projects/simpleproject-8ff7a:testIamPermissions {"permissions":["firebase.projects.get","firebaseextensions.instances.list"]}
[debug] [2026-06-08T23:04:33.938Z] Checked if tokens are valid: true, expires at: 1780963436854
[debug] [2026-06-08T23:04:33.938Z] Checked if tokens are valid: true, expires at: 1780963436854
[debug] [2026-06-08T23:04:33.938Z] >>> [apiv2][query] GET https://firebaseextensions.googleapis.com/v1beta/projects/simpleproject-8ff7a/instances pageSize=100&pageToken=
[debug] [2026-06-08T23:04:35.338Z] <<< [apiv2][status] GET https://firebaseextensions.googleapis.com/v1beta/projects/simpleproject-8ff7a/instances 200
[debug] [2026-06-08T23:04:35.339Z] <<< [apiv2][body] GET https://firebaseextensions.googleapis.com/v1beta/projects/simpleproject-8ff7a/instances {}
[info] i  functions: preparing functions directory for uploading... 
[info] i  functions: packaged C:\Users\ASUS TUF\giggre-admin\functions (71.69 KB) for uploading 
[debug] [2026-06-08T23:04:35.373Z] Checked if tokens are valid: true, expires at: 1780963436854
[debug] [2026-06-08T23:04:35.373Z] Checked if tokens are valid: true, expires at: 1780963436854
[debug] [2026-06-08T23:04:35.373Z] >>> [apiv2][query] GET https://cloudfunctions.googleapis.com/v1/projects/simpleproject-8ff7a/locations/-/functions [none]
[debug] [2026-06-08T23:04:36.669Z] <<< [apiv2][status] GET https://cloudfunctions.googleapis.com/v1/projects/simpleproject-8ff7a/locations/-/functions 200
[debug] [2026-06-08T23:04:36.670Z] <<< [apiv2][body] GET https://cloudfunctions.googleapis.com/v1/projects/simpleproject-8ff7a/locations/-/functions {}
[debug] [2026-06-08T23:04:36.670Z] Checked if tokens are valid: true, expires at: 1780963436854
[debug] [2026-06-08T23:04:36.670Z] Checked if tokens are valid: true, expires at: 1780963436854
[debug] [2026-06-08T23:04:36.670Z] >>> [apiv2][query] GET https://cloudfunctions.googleapis.com/v2/projects/simpleproject-8ff7a/locations/-/functions filter=environment%3D%22GEN_2%22
[debug] [2026-06-08T23:04:38.138Z] <<< [apiv2][status] GET https://cloudfunctions.googleapis.com/v2/projects/simpleproject-8ff7a/locations/-/functions 200
[debug] [2026-06-08T23:04:38.138Z] <<< [apiv2][body] GET https://cloudfunctions.googleapis.com/v2/projects/simpleproject-8ff7a/locations/-/functions {"functions":[{"name":"projects/simpleproject-8ff7a/locations/asia-east2/functions/onVerificationChange","buildConfig":{"build":"projects/770115931871/locations/asia-east2/builds/07fde0d5-9863-4810-9bde-07e03e07c7a5","runtime":"nodejs24","entryPoint":"onVerificationChange","source":{"storageSource":{"bucket":"gcf-v2-sources-770115931871-asia-east2","object":"onVerificationChange/function-source.zip","generation":"1778622425479917"}},"environmentVariables":{"GOOGLE_NODE_RUN_SCRIPTS":""},"dockerRepository":"projects/simpleproject-8ff7a/locations/asia-east2/repositories/gcf-artifacts","sourceProvenance":{"resolvedStorageSource":{"bucket":"gcf-v2-sources-770115931871-asia-east2","object":"onVerificationChange/function-source.zip","generation":"1778622425479917"}},"dockerRegistry":"ARTIFACT_REGISTRY","serviceAccount":"projects/simpleproject-8ff7a/serviceAccounts/770115931871-compute@developer.gserviceaccount.com","automaticUpdatePolicy":{}},"serviceConfig":{"service":"projects/simpleproject-8ff7a/locations/asia-east2/services/onverificationchange","timeoutSeconds":60,"environmentVariables":{"FIREBASE_CONFIG":"{\"projectId\":\"simpleproject-8ff7a\",\"storageBucket\":\"simpleproject-8ff7a.firebasestorage.app\"}","GCLOUD_PROJECT":"simpleproject-8ff7a","EVENTARC_CLOUD_EVENT_SOURCE":"projects/simpleproject-8ff7a/locations/REGION_TBD/services/onVerificationChange","FUNCTION_SIGNATURE_TYPE":"cloudevent","FUNCTION_TARGET":"onVerificationChange","LOG_EXECUTION_ID":"true"},"ingressSettings":"ALLOW_ALL","uri":"https://onverificationchange-6h2v6nyg7q-df.a.run.app","serviceAccountEmail":"770115931871-compute@developer.gserviceaccount.com","availableMemory":"256Mi","allTrafficOnLatestRevision":true,"revision":"onverificationchange-00001-fug","maxInstanceRequestConcurrency":80,"availableCpu":"1"},"state":"UNKNOWN","updateTime":"2026-06-03T22:03:14.416275118Z","labels":{"deployment-tool":"cli-firebase","firebase-functions-hash":"4f7e6fa09702b5cb2c31461cb239f34be64702b2"},"stateMessages":[{"severity":"ERROR","type":"EventarcErrorGettingTrigger","message":"Eventarc trigger projects/simpleproject-8ff7a/locations/asia-east2/triggers/onverificationchange-231302 could not be retrieved. PERMISSION_DENIED Failed to get trigger projects/simpleproject-8ff7a/locations/asia-east2/triggers/onverificationchange-231302: Read access to project 'simpleproject-8ff7a' was denied: please check billing account associated and retry"}],"environment":"GEN_2","url":"https://asia-east2-simpleproject-8ff7a.cloudfunctions.net/onVerificationChange","createTime":"2026-05-12T21:47:06.641361179Z"}]}
[debug] [2026-06-08T23:04:38.140Z] Checked if tokens are valid: true, expires at: 1780963436854
[debug] [2026-06-08T23:04:38.140Z] Checked if tokens are valid: true, expires at: 1780963436854
[debug] [2026-06-08T23:04:38.140Z] >>> [apiv2][query] GET https://firestore.googleapis.com/v1/projects/simpleproject-8ff7a/databases/(default) [none]
[debug] [2026-06-08T23:04:38.740Z] <<< [apiv2][status] GET https://firestore.googleapis.com/v1/projects/simpleproject-8ff7a/databases/(default) 200
[debug] [2026-06-08T23:04:38.740Z] <<< [apiv2][body] GET https://firestore.googleapis.com/v1/projects/simpleproject-8ff7a/databases/(default) {"name":"projects/simpleproject-8ff7a/databases/(default)","uid":"ec6daad0-2581-4343-a3ed-a78903639b58","createTime":"2026-03-08T00:55:08.424760Z","updateTime":"2026-03-08T00:55:08.424760Z","locationId":"asia-east2","type":"FIRESTORE_NATIVE","concurrencyMode":"PESSIMISTIC","versionRetentionPeriod":"3600s","earliestVersionTime":"2026-06-08T22:05:13.304382Z","appEngineIntegrationMode":"DISABLED","keyPrefix":"n","pointInTimeRecoveryEnablement":"POINT_IN_TIME_RECOVERY_DISABLED","deleteProtectionState":"DELETE_PROTECTION_DISABLED","databaseEdition":"STANDARD","freeTier":true,"realtimeUpdatesMode":"REALTIME_UPDATES_MODE_ENABLED","etag":"ILW899fg+JQDMLiiy7y/tpMD"}
[info] i  functions: ensuring required API run.googleapis.com is enabled... 
[info] i  functions: ensuring required API eventarc.googleapis.com is enabled... 
[info] i  functions: ensuring required API pubsub.googleapis.com is enabled... 
[info] i  functions: ensuring required API storage.googleapis.com is enabled... 
[info] i  functions: generating the service identity for pubsub.googleapis.com... 
[debug] [2026-06-08T23:04:38.743Z] Checked if tokens are valid: true, expires at: 1780963436854
[debug] [2026-06-08T23:04:38.743Z] Checked if tokens are valid: true, expires at: 1780963436854
[info] i  functions: generating the service identity for eventarc.googleapis.com... 
[debug] [2026-06-08T23:04:38.743Z] Checked if tokens are valid: true, expires at: 1780963436854
[debug] [2026-06-08T23:04:38.743Z] Checked if tokens are valid: true, expires at: 1780963436854
[debug] [2026-06-08T23:04:38.743Z] >>> [apiv2][query] POST https://serviceusage.googleapis.com/v1beta1/projects/770115931871/services/pubsub.googleapis.com:generateServiceIdentity [none]
[debug] [2026-06-08T23:04:38.743Z] >>> [apiv2][(partial)header] POST https://serviceusage.googleapis.com/v1beta1/projects/770115931871/services/pubsub.googleapis.com:generateServiceIdentity  x-goog-user-project=770115931871
[debug] [2026-06-08T23:04:38.743Z] >>> [apiv2][body] POST https://serviceusage.googleapis.com/v1beta1/projects/770115931871/services/pubsub.googleapis.com:generateServiceIdentity {}
[debug] [2026-06-08T23:04:38.744Z] >>> [apiv2][query] POST https://serviceusage.googleapis.com/v1beta1/projects/770115931871/services/eventarc.googleapis.com:generateServiceIdentity [none]
[debug] [2026-06-08T23:04:38.744Z] >>> [apiv2][(partial)header] POST https://serviceusage.googleapis.com/v1beta1/projects/770115931871/services/eventarc.googleapis.com:generateServiceIdentity  x-goog-user-project=770115931871
[debug] [2026-06-08T23:04:38.744Z] >>> [apiv2][body] POST https://serviceusage.googleapis.com/v1beta1/projects/770115931871/services/eventarc.googleapis.com:generateServiceIdentity {}
[debug] [2026-06-08T23:04:40.410Z] <<< [apiv2][status] POST https://serviceusage.googleapis.com/v1beta1/projects/770115931871/services/pubsub.googleapis.com:generateServiceIdentity 200
[debug] [2026-06-08T23:04:40.410Z] <<< [apiv2][body] POST https://serviceusage.googleapis.com/v1beta1/projects/770115931871/services/pubsub.googleapis.com:generateServiceIdentity {"name":"operations/finished.DONE_OPERATION","done":true,"response":{"@type":"type.googleapis.com/google.api.serviceusage.v1beta1.ServiceIdentity","email":"service-770115931871@gcp-sa-pubsub.iam.gserviceaccount.com","uniqueId":"101714230396641401014"}}
[debug] [2026-06-08T23:04:40.481Z] <<< [apiv2][status] POST https://serviceusage.googleapis.com/v1beta1/projects/770115931871/services/eventarc.googleapis.com:generateServiceIdentity 200
[debug] [2026-06-08T23:04:40.481Z] <<< [apiv2][body] POST https://serviceusage.googleapis.com/v1beta1/projects/770115931871/services/eventarc.googleapis.com:generateServiceIdentity {"name":"operations/finished.DONE_OPERATION","done":true,"response":{"@type":"type.googleapis.com/google.api.serviceusage.v1beta1.ServiceIdentity","email":"service-770115931871@gcp-sa-eventarc.iam.gserviceaccount.com","uniqueId":"101529655075705326207"}}
[debug] [2026-06-08T23:04:40.482Z] Checked if tokens are valid: true, expires at: 1780963436854
[debug] [2026-06-08T23:04:40.482Z] Checked if tokens are valid: true, expires at: 1780963436854
[debug] [2026-06-08T23:04:40.483Z] >>> [apiv2][query] GET https://compute.googleapis.com/compute/v1/projects/770115931871 [none]
[debug] [2026-06-08T23:04:42.220Z] <<< [apiv2][status] GET https://compute.googleapis.com/compute/v1/projects/770115931871 403
[debug] [2026-06-08T23:04:42.220Z] <<< [apiv2][body] GET https://compute.googleapis.com/compute/v1/projects/770115931871 {"error":{"code":403,"message":"Compute Engine API has not been used in project 770115931871 before or it is disabled. Enable it by visiting https://console.developers.google.com/apis/api/compute.googleapis.com/overview?project=770115931871 then retry. If you enabled this API recently, wait a few minutes for the action to propagate to our systems and retry.","errors":[{"message":"Compute Engine API has not been used in project 770115931871 before or it is disabled. Enable it by visiting https://console.developers.google.com/apis/api/compute.googleapis.com/overview?project=770115931871 then retry. If you enabled this API recently, wait a few minutes for the action to propagate to our systems and retry.","domain":"usageLimits","reason":"accessNotConfigured","extendedHelp":"https://console.developers.google.com"}],"status":"PERMISSION_DENIED","details":[{"@type":"type.googleapis.com/google.rpc.ErrorInfo","reason":"SERVICE_DISABLED","domain":"googleapis.com","metadata":{"containerInfo":"770115931871","activationUrl":"https://console.developers.google.com/apis/api/compute.googleapis.com/overview?project=770115931871","service":"compute.googleapis.com","consumer":"projects/770115931871","serviceTitle":"Compute Engine API"}},{"@type":"type.googleapis.com/google.rpc.LocalizedMessage","locale":"en-US","message":"Compute Engine API has not been used in project 770115931871 before or it is disabled. Enable it by visiting https://console.developers.google.com/apis/api/compute.googleapis.com/overview?project=770115931871 then retry. If you enabled this API recently, wait a few minutes for the action to propagate to our systems and retry."},{"@type":"type.googleapis.com/google.rpc.Help","links":[{"description":"Google developers console API activation","url":"https://console.developers.google.com/apis/api/compute.googleapis.com/overview?project=770115931871"}]}]}}
[debug] [2026-06-08T23:04:42.220Z] unable to look up default compute service account. Falling back to 770115931871-compute@developer.gserviceaccount.com. Error: {"name":"FirebaseError","children":[],"context":{"body":{"error":{"code":403,"message":"Compute Engine API has not been used in project 770115931871 before or it is disabled. Enable it by visiting https://console.developers.google.com/apis/api/compute.googleapis.com/overview?project=770115931871 then retry. If you enabled this API recently, wait a few minutes for the action to propagate to our systems and retry.","errors":[{"message":"Compute Engine API has not been used in project 770115931871 before or it is disabled. Enable it by visiting https://console.developers.google.com/apis/api/compute.googleapis.com/overview?project=770115931871 then retry. If you enabled this API recently, wait a few minutes for the action to propagate to our systems and retry.","domain":"usageLimits","reason":"accessNotConfigured","extendedHelp":"https://console.developers.google.com"}],"status":"PERMISSION_DENIED","details":[{"@type":"type.googleapis.com/google.rpc.ErrorInfo","reason":"SERVICE_DISABLED","domain":"googleapis.com","metadata":{"containerInfo":"770115931871","activationUrl":"https://console.developers.google.com/apis/api/compute.googleapis.com/overview?project=770115931871","service":"compute.googleapis.com","consumer":"projects/770115931871","serviceTitle":"Compute Engine API"}},{"@type":"type.googleapis.com/google.rpc.LocalizedMessage","locale":"en-US","message":"Compute Engine API has not been used in project 770115931871 before or it is disabled. Enable it by visiting https://console.developers.google.com/apis/api/compute.googleapis.com/overview?project=770115931871 then retry. If you enabled this API recently, wait a few minutes for the action to propagate to our systems and retry."},{"@type":"type.googleapis.com/google.rpc.Help","links":[{"description":"Google developers console API activation","url":"https://console.developers.google.com/apis/api/compute.googleapis.com/overview?project=770115931871"}]}]}},"response":{"statusCode":403}},"exit":1,"message":"Request to https://compute.googleapis.com/compute/v1/projects/770115931871 had HTTP Error: 403, Compute Engine API has not been used in project 770115931871 before or it is disabled. Enable it by visiting https://console.developers.google.com/apis/api/compute.googleapis.com/overview?project=770115931871 then retry. If you enabled this API recently, wait a few minutes for the action to propagate to our systems and retry.","status":403}
[debug] [2026-06-08T23:04:42.220Z] Checked if tokens are valid: true, expires at: 1780963436854
[debug] [2026-06-08T23:04:42.221Z] Checked if tokens are valid: true, expires at: 1780963436854
[debug] [2026-06-08T23:04:42.221Z] >>> [apiv2][query] POST https://cloudresourcemanager.googleapis.com/v1/projects/770115931871:getIamPolicy [none]
[debug] [2026-06-08T23:04:43.448Z] <<< [apiv2][status] POST https://cloudresourcemanager.googleapis.com/v1/projects/770115931871:getIamPolicy 200
[debug] [2026-06-08T23:04:43.448Z] <<< [apiv2][body] POST https://cloudresourcemanager.googleapis.com/v1/projects/770115931871:getIamPolicy {"version":1,"etag":"BwZRpeMrOZc=","bindings":[{"role":"roles/artifactregistry.serviceAgent","members":["serviceAccount:service-770115931871@gcp-sa-artifactregistry.iam.gserviceaccount.com"]},{"role":"roles/cloudbuild.builds.builder","members":["serviceAccount:770115931871@cloudbuild.gserviceaccount.com"]},{"role":"roles/cloudbuild.serviceAgent","members":["serviceAccount:service-770115931871@gcp-sa-cloudbuild.iam.gserviceaccount.com"]},{"role":"roles/cloudfunctions.admin","members":["serviceAccount:firebase-adminsdk-fbsvc@simpleproject-8ff7a.iam.gserviceaccount.com"]},{"role":"roles/cloudfunctions.serviceAgent","members":["serviceAccount:service-770115931871@gcf-admin-robot.iam.gserviceaccount.com"]},{"role":"roles/containerregistry.ServiceAgent","members":["serviceAccount:service-770115931871@containerregistry.iam.gserviceaccount.com"]},{"role":"roles/editor","members":["serviceAccount:770115931871-compute@developer.gserviceaccount.com","serviceAccount:770115931871@cloudservices.gserviceaccount.com","serviceAccount:simpleproject-8ff7a@appspot.gserviceaccount.com","user:gemar@airstaffs.com","user:rose@airstaffs.com"]},{"role":"roles/eventarc.eventReceiver","members":["serviceAccount:770115931871-compute@developer.gserviceaccount.com"]},{"role":"roles/eventarc.serviceAgent","members":["serviceAccount:service-770115931871@gcp-sa-eventarc.iam.gserviceaccount.com"]},{"role":"roles/firebase.managementServiceAgent","members":["serviceAccount:service-770115931871@gcp-sa-firebase.iam.gserviceaccount.com"]},{"role":"roles/firebase.sdkAdminServiceAgent","members":["serviceAccount:firebase-adminsdk-fbsvc@simpleproject-8ff7a.iam.gserviceaccount.com"]},{"role":"roles/firebaseauth.admin","members":["serviceAccount:firebase-adminsdk-fbsvc@simpleproject-8ff7a.iam.gserviceaccount.com"]},{"role":"roles/firebasemods.serviceAgent","members":["serviceAccount:service-770115931871@gcp-sa-firebasemods.iam.gserviceaccount.com"]},{"role":"roles/firebaserules.system","members":["serviceAccount:service-770115931871@firebase-rules.iam.gserviceaccount.com"]},{"role":"roles/firebasestorage.serviceAgent","members":["serviceAccount:service-770115931871@gcp-sa-firebasestorage.iam.gserviceaccount.com"]},{"role":"roles/firestore.serviceAgent","members":["serviceAccount:service-770115931871@gcp-sa-firestore.iam.gserviceaccount.com"]},{"role":"roles/iam.serviceAccountTokenCreator","members":["serviceAccount:firebase-adminsdk-fbsvc@simpleproject-8ff7a.iam.gserviceaccount.com","serviceAccount:service-770115931871@gcp-sa-pubsub.iam.gserviceaccount.com"]},{"role":"roles/owner","members":["user:eugene@airstaffs.com","user:joshua@airstaffs.com","user:julius@airstaffs.com"]},{"role":"roles/pubsub.serviceAgent","members":["serviceAccount:service-770115931871@gcp-sa-pubsub.iam.gserviceaccount.com"]},{"role":"roles/run.invoker","members":["serviceAccount:770115931871-compute@developer.gserviceaccount.com"]},{"role":"roles/run.serviceAgent","members":["serviceAccount:service-770115931871@serverless-robot-prod.iam.gserviceaccount.com"]},{"role":"roles/storage.admin","members":["serviceAccount:firebase-adminsdk-fbsvc@simpleproject-8ff7a.iam.gserviceaccount.com"]}]}
[debug] [2026-06-08T23:04:43.449Z] Checked if tokens are valid: true, expires at: 1780963436854
[debug] [2026-06-08T23:04:43.449Z] Checked if tokens are valid: true, expires at: 1780963436854
[debug] [2026-06-08T23:04:43.450Z] >>> [apiv2][query] GET https://cloudresourcemanager.googleapis.com/v1/projects/simpleproject-8ff7a [none]
[debug] [2026-06-08T23:04:43.778Z] <<< [apiv2][status] GET https://cloudresourcemanager.googleapis.com/v1/projects/simpleproject-8ff7a 200
[debug] [2026-06-08T23:04:43.779Z] <<< [apiv2][body] GET https://cloudresourcemanager.googleapis.com/v1/projects/simpleproject-8ff7a {"projectNumber":"770115931871","projectId":"simpleproject-8ff7a","lifecycleState":"ACTIVE","name":"simpleproject-8ff7a","labels":{"firebase":"enabled","firebase-core":"disabled"},"createTime":"2026-03-07T22:20:35.158897Z"}
[debug] [2026-06-08T23:04:43.779Z] Checked if tokens are valid: true, expires at: 1780963436854
[debug] [2026-06-08T23:04:43.779Z] Checked if tokens are valid: true, expires at: 1780963436854
[debug] [2026-06-08T23:04:43.779Z] >>> [apiv2][query] GET https://compute.googleapis.com/compute/v1/projects/770115931871 [none]
[debug] [2026-06-08T23:04:44.087Z] <<< [apiv2][status] GET https://compute.googleapis.com/compute/v1/projects/770115931871 403
[debug] [2026-06-08T23:04:44.087Z] <<< [apiv2][body] GET https://compute.googleapis.com/compute/v1/projects/770115931871 {"error":{"code":403,"message":"Compute Engine API has not been used in project 770115931871 before or it is disabled. Enable it by visiting https://console.developers.google.com/apis/api/compute.googleapis.com/overview?project=770115931871 then retry. If you enabled this API recently, wait a few minutes for the action to propagate to our systems and retry.","errors":[{"message":"Compute Engine API has not been used in project 770115931871 before or it is disabled. Enable it by visiting https://console.developers.google.com/apis/api/compute.googleapis.com/overview?project=770115931871 then retry. If you enabled this API recently, wait a few minutes for the action to propagate to our systems and retry.","domain":"usageLimits","reason":"accessNotConfigured","extendedHelp":"https://console.developers.google.com"}],"status":"PERMISSION_DENIED","details":[{"@type":"type.googleapis.com/google.rpc.ErrorInfo","reason":"SERVICE_DISABLED","domain":"googleapis.com","metadata":{"serviceTitle":"Compute Engine API","activationUrl":"https://console.developers.google.com/apis/api/compute.googleapis.com/overview?project=770115931871","consumer":"projects/770115931871","service":"compute.googleapis.com","containerInfo":"770115931871"}},{"@type":"type.googleapis.com/google.rpc.LocalizedMessage","locale":"en-US","message":"Compute Engine API has not been used in project 770115931871 before or it is disabled. Enable it by visiting https://console.developers.google.com/apis/api/compute.googleapis.com/overview?project=770115931871 then retry. If you enabled this API recently, wait a few minutes for the action to propagate to our systems and retry."},{"@type":"type.googleapis.com/google.rpc.Help","links":[{"description":"Google developers console API activation","url":"https://console.developers.google.com/apis/api/compute.googleapis.com/overview?project=770115931871"}]}]}}
[debug] [2026-06-08T23:04:44.087Z] unable to look up default compute service account. Falling back to 770115931871-compute@developer.gserviceaccount.com. Error: {"name":"FirebaseError","children":[],"context":{"body":{"error":{"code":403,"message":"Compute Engine API has not been used in project 770115931871 before or it is disabled. Enable it by visiting https://console.developers.google.com/apis/api/compute.googleapis.com/overview?project=770115931871 then retry. If you enabled this API recently, wait a few minutes for the action to propagate to our systems and retry.","errors":[{"message":"Compute Engine API has not been used in project 770115931871 before or it is disabled. Enable it by visiting https://console.developers.google.com/apis/api/compute.googleapis.com/overview?project=770115931871 then retry. If you enabled this API recently, wait a few minutes for the action to propagate to our systems and retry.","domain":"usageLimits","reason":"accessNotConfigured","extendedHelp":"https://console.developers.google.com"}],"status":"PERMISSION_DENIED","details":[{"@type":"type.googleapis.com/google.rpc.ErrorInfo","reason":"SERVICE_DISABLED","domain":"googleapis.com","metadata":{"serviceTitle":"Compute Engine API","activationUrl":"https://console.developers.google.com/apis/api/compute.googleapis.com/overview?project=770115931871","consumer":"projects/770115931871","service":"compute.googleapis.com","containerInfo":"770115931871"}},{"@type":"type.googleapis.com/google.rpc.LocalizedMessage","locale":"en-US","message":"Compute Engine API has not been used in project 770115931871 before or it is disabled. Enable it by visiting https://console.developers.google.com/apis/api/compute.googleapis.com/overview?project=770115931871 then retry. If you enabled this API recently, wait a few minutes for the action to propagate to our systems and retry."},{"@type":"type.googleapis.com/google.rpc.Help","links":[{"description":"Google developers console API activation","url":"https://console.developers.google.com/apis/api/compute.googleapis.com/overview?project=770115931871"}]}]}},"response":{"statusCode":403}},"exit":1,"message":"Request to https://compute.googleapis.com/compute/v1/projects/770115931871 had HTTP Error: 403, Compute Engine API has not been used in project 770115931871 before or it is disabled. Enable it by visiting https://console.developers.google.com/apis/api/compute.googleapis.com/overview?project=770115931871 then retry. If you enabled this API recently, wait a few minutes for the action to propagate to our systems and retry.","status":403}
[debug] [2026-06-08T23:04:44.088Z] Checked if tokens are valid: true, expires at: 1780963436854
[debug] [2026-06-08T23:04:44.088Z] Checked if tokens are valid: true, expires at: 1780963436854
[debug] [2026-06-08T23:04:44.089Z] >>> [apiv2][query] GET https://cloudbilling.googleapis.com/v1/projects/simpleproject-8ff7a/billingInfo [none]
[debug] [2026-06-08T23:04:45.504Z] <<< [apiv2][status] GET https://cloudbilling.googleapis.com/v1/projects/simpleproject-8ff7a/billingInfo 200
[debug] [2026-06-08T23:04:45.505Z] <<< [apiv2][body] GET https://cloudbilling.googleapis.com/v1/projects/simpleproject-8ff7a/billingInfo {"name":"projects/simpleproject-8ff7a/billingInfo","projectId":"simpleproject-8ff7a","billingAccountName":"","billingEnabled":false}
[debug] [2026-06-08T23:04:45.505Z] Checked if tokens are valid: true, expires at: 1780963436854
[debug] [2026-06-08T23:04:45.505Z] Checked if tokens are valid: true, expires at: 1780963436854
[debug] [2026-06-08T23:04:45.505Z] >>> [apiv2][query] GET https://cloudbilling.googleapis.com/v1/billingAccounts [none]
[debug] [2026-06-08T23:04:45.812Z] <<< [apiv2][status] GET https://cloudbilling.googleapis.com/v1/billingAccounts 200
[debug] [2026-06-08T23:04:45.812Z] <<< [apiv2][body] GET https://cloudbilling.googleapis.com/v1/billingAccounts {"billingAccounts":[],"nextPageToken":""}
[info] 
[info] Extension require your project to be upgraded to the Blaze plan. Please visit the following link to add a billing account:
[info] 
[info] https://console.cloud.google.com/billing/linkedaccount?project=simpleproject-8ff7a
[info] 
